ERROR - 2025-12-15 02:34:18 --> mysqli_sql_exception: Duplicate entry 'WEBSY201' for key 'course_code' in C:\xampp\htdocs\ITE311-GLENOGO\system\Database\MySQLi\Connection.php:327
Stack trace:
#0 C:\xampp\htdocs\ITE311-GLENOGO\system\Database\MySQLi\Connection.php(327): mysqli->query('INSERT INTO `co...', 0)
#1 C:\xampp\htdocs\ITE311-GLENOGO\system\Database\BaseConnection.php(729): CodeIgniter\Database\MySQLi\Connection->execute('INSERT INTO `co...')
#2 C:\xampp\htdocs\ITE311-GLENOGO\system\Database\BaseConnection.php(646): CodeIgniter\Database\BaseConnection->simpleQuery('INSERT INTO `co...')
#3 C:\xampp\htdocs\ITE311-GLENOGO\system\Database\BaseBuilder.php(2345): CodeIgniter\Database\BaseConnection->query('INSERT INTO `co...', Array, false)
#4 C:\xampp\htdocs\ITE311-GLENOGO\system\Model.php(394): CodeIgniter\Database\BaseBuilder->insert()
#5 C:\xampp\htdocs\ITE311-GLENOGO\system\BaseModel.php(838): CodeIgniter\Model->doInsert(Array)
#6 C:\xampp\htdocs\ITE311-GLENOGO\system\Model.php(797): CodeIgniter\BaseModel->insert(Array, true)
#7 C:\xampp\htdocs\ITE311-GLENOGO\app\Controllers\Course.php(320): CodeIgniter\Model->insert(Array)
#8 C:\xampp\htdocs\ITE311-GLENOGO\system\CodeIgniter.php(933): App\Controllers\Course->create()
#9 C:\xampp\htdocs\ITE311-GLENOGO\system\CodeIgniter.php(507): CodeIgniter\CodeIgniter->runController(Object(App\Controllers\Course))
#10 C:\xampp\htdocs\ITE311-GLENOGO\system\CodeIgniter.php(354): CodeIgniter\CodeIgniter->handleRequest(NULL, Object(Config\Cache), false)
#11 C:\xampp\htdocs\ITE311-GLENOGO\system\Boot.php(363): CodeIgniter\CodeIgniter->run()
#12 C:\xampp\htdocs\ITE311-GLENOGO\system\Boot.php(68): CodeIgniter\Boot::runCodeIgniter(Object(CodeIgniter\CodeIgniter))
#13 C:\xampp\htdocs\ITE311-GLENOGO\index.php(89): CodeIgniter\Boot::bootWeb(Object(Config\Paths))
#14 {main}
CRITICAL - 2025-12-15 02:34:19 --> CodeIgniter\Database\Exceptions\DatabaseException: Duplicate entry 'WEBSY201' for key 'course_code'
[Method: POST, Route: courses/create]
in SYSTEMPATH\Database\BaseConnection.php on line 684.
 1 SYSTEMPATH\Database\BaseBuilder.php(2345): CodeIgniter\Database\BaseConnection->query('INSERT INTO `courses` (`course_code`, `course_name`, `description`, `school_year`, `semester`, `schedule`, `teacher_id`, `status`, `start_date`, `end_date`) VALUES (:course_code:, :course_name:, :description:, :school_year:, :semester:, :schedule:, :teacher_id:, :status:, :start_date:, :end_date:)', [...], false)
 2 SYSTEMPATH\Model.php(394): CodeIgniter\Database\BaseBuilder->insert()
 3 SYSTEMPATH\BaseModel.php(838): CodeIgniter\Model->doInsert([...])
 4 SYSTEMPATH\Model.php(797): CodeIgniter\BaseModel->insert([...], true)
 5 APPPATH\Controllers\Course.php(320): CodeIgniter\Model->insert([...])
 6 SYSTEMPATH\CodeIgniter.php(933): App\Controllers\Course->create()
 7 SYSTEMPATH\CodeIgniter.php(507): CodeIgniter\CodeIgniter->runController(Object(App\Controllers\Course))
 8 SYSTEMPATH\CodeIgniter.php(354): CodeIgniter\CodeIgniter->handleRequest(null, Object(Config\Cache), false)
 9 SYSTEMPATH\Boot.php(363): CodeIgniter\CodeIgniter->run()
10 SYSTEMPATH\Boot.php(68): CodeIgniter\Boot::runCodeIgniter(Object(CodeIgniter\CodeIgniter))
11 FCPATH\index.php(89): CodeIgniter\Boot::bootWeb(Object(Config\Paths))
CRITICAL - 2025-12-15 02:34:19 --> [Caused by] CodeIgniter\Database\Exceptions\DatabaseException: Duplicate entry 'WEBSY201' for key 'course_code'
in SYSTEMPATH\Database\MySQLi\Connection.php on line 332.
 1 SYSTEMPATH\Database\BaseConnection.php(729): CodeIgniter\Database\MySQLi\Connection->execute('INSERT INTO `courses` (`course_code`, `course_name`, `description`, `school_year`, `semester`, `schedule`, `teacher_id`, `status`, `start_date`, `end_date`) VALUES (\'WEBSY201\', \'Advanced Database\', \'addd\', \'2025-2026\', \'2nd Semester\', \'Monday-Wednesday\', \'2\', \'active\', \'2025-04-03\', \'2026-04-04\')')
 2 SYSTEMPATH\Database\BaseConnection.php(646): CodeIgniter\Database\BaseConnection->simpleQuery('INSERT INTO `courses` (`course_code`, `course_name`, `description`, `school_year`, `semester`, `schedule`, `teacher_id`, `status`, `start_date`, `end_date`) VALUES (\'WEBSY201\', \'Advanced Database\', \'addd\', \'2025-2026\', \'2nd Semester\', \'Monday-Wednesday\', \'2\', \'active\', \'2025-04-03\', \'2026-04-04\')')
 3 SYSTEMPATH\Database\BaseBuilder.php(2345): CodeIgniter\Database\BaseConnection->query('INSERT INTO `courses` (`course_code`, `course_name`, `description`, `school_year`, `semester`, `schedule`, `teacher_id`, `status`, `start_date`, `end_date`) VALUES (:course_code:, :course_name:, :description:, :school_year:, :semester:, :schedule:, :teacher_id:, :status:, :start_date:, :end_date:)', [...], false)
 4 SYSTEMPATH\Model.php(394): CodeIgniter\Database\BaseBuilder->insert()
 5 SYSTEMPATH\BaseModel.php(838): CodeIgniter\Model->doInsert([...])
 6 SYSTEMPATH\Model.php(797): CodeIgniter\BaseModel->insert([...], true)
 7 APPPATH\Controllers\Course.php(320): CodeIgniter\Model->insert([...])
 8 SYSTEMPATH\CodeIgniter.php(933): App\Controllers\Course->create()
 9 SYSTEMPATH\CodeIgniter.php(507): CodeIgniter\CodeIgniter->runController(Object(App\Controllers\Course))
10 SYSTEMPATH\CodeIgniter.php(354): CodeIgniter\CodeIgniter->handleRequest(null, Object(Config\Cache), false)
11 SYSTEMPATH\Boot.php(363): CodeIgniter\CodeIgniter->run()
12 SYSTEMPATH\Boot.php(68): CodeIgniter\Boot::runCodeIgniter(Object(CodeIgniter\CodeIgniter))
13 FCPATH\index.php(89): CodeIgniter\Boot::bootWeb(Object(Config\Paths))
CRITICAL - 2025-12-15 02:34:19 --> [Caused by] mysqli_sql_exception: Duplicate entry 'WEBSY201' for key 'course_code'
in SYSTEMPATH\Database\MySQLi\Connection.php on line 327.
 1 SYSTEMPATH\Database\MySQLi\Connection.php(327): mysqli->query('INSERT INTO `courses` (`course_code`, `course_name`, `description`, `school_year`, `semester`, `schedule`, `teacher_id`, `status`, `start_date`, `end_date`) VALUES (\'WEBSY201\', \'Advanced Database\', \'addd\', \'2025-2026\', \'2nd Semester\', \'Monday-Wednesday\', \'2\', \'active\', \'2025-04-03\', \'2026-04-04\')', 0)
 2 SYSTEMPATH\Database\BaseConnection.php(729): CodeIgniter\Database\MySQLi\Connection->execute('INSERT INTO `courses` (`course_code`, `course_name`, `description`, `school_year`, `semester`, `schedule`, `teacher_id`, `status`, `start_date`, `end_date`) VALUES (\'WEBSY201\', \'Advanced Database\', \'addd\', \'2025-2026\', \'2nd Semester\', \'Monday-Wednesday\', \'2\', \'active\', \'2025-04-03\', \'2026-04-04\')')
 3 SYSTEMPATH\Database\BaseConnection.php(646): CodeIgniter\Database\BaseConnection->simpleQuery('INSERT INTO `courses` (`course_code`, `course_name`, `description`, `school_year`, `semester`, `schedule`, `teacher_id`, `status`, `start_date`, `end_date`) VALUES (\'WEBSY201\', \'Advanced Database\', \'addd\', \'2025-2026\', \'2nd Semester\', \'Monday-Wednesday\', \'2\', \'active\', \'2025-04-03\', \'2026-04-04\')')
 4 SYSTEMPATH\Database\BaseBuilder.php(2345): CodeIgniter\Database\BaseConnection->query('INSERT INTO `courses` (`course_code`, `course_name`, `description`, `school_year`, `semester`, `schedule`, `teacher_id`, `status`, `start_date`, `end_date`) VALUES (:course_code:, :course_name:, :description:, :school_year:, :semester:, :schedule:, :teacher_id:, :status:, :start_date:, :end_date:)', [...], false)
 5 SYSTEMPATH\Model.php(394): CodeIgniter\Database\BaseBuilder->insert()
 6 SYSTEMPATH\BaseModel.php(838): CodeIgniter\Model->doInsert([...])
 7 SYSTEMPATH\Model.php(797): CodeIgniter\BaseModel->insert([...], true)
 8 APPPATH\Controllers\Course.php(320): CodeIgniter\Model->insert([...])
 9 SYSTEMPATH\CodeIgniter.php(933): App\Controllers\Course->create()
10 SYSTEMPATH\CodeIgniter.php(507): CodeIgniter\CodeIgniter->runController(Object(App\Controllers\Course))
11 SYSTEMPATH\CodeIgniter.php(354): CodeIgniter\CodeIgniter->handleRequest(null, Object(Config\Cache), false)
12 SYSTEMPATH\Boot.php(363): CodeIgniter\CodeIgniter->run()
13 SYSTEMPATH\Boot.php(68): CodeIgniter\Boot::runCodeIgniter(Object(CodeIgniter\CodeIgniter))
14 FCPATH\index.php(89): CodeIgniter\Boot::bootWeb(Object(Config\Paths))
ERROR - 2025-12-15 02:34:19 --> mysqli_sql_exception: Duplicate entry 'WEBSY201' for key 'course_code' in C:\xampp\htdocs\ITE311-GLENOGO\system\Database\MySQLi\Connection.php:327
Stack trace:
#0 C:\xampp\htdocs\ITE311-GLENOGO\system\Database\MySQLi\Connection.php(327): mysqli->query('INSERT INTO `co...', 0)
#1 C:\xampp\htdocs\ITE311-GLENOGO\system\Database\BaseConnection.php(729): CodeIgniter\Database\MySQLi\Connection->execute('INSERT INTO `co...')
#2 C:\xampp\htdocs\ITE311-GLENOGO\system\Database\BaseConnection.php(646): CodeIgniter\Database\BaseConnection->simpleQuery('INSERT INTO `co...')
#3 C:\xampp\htdocs\ITE311-GLENOGO\system\Database\BaseBuilder.php(2345): CodeIgniter\Database\BaseConnection->query('INSERT INTO `co...', Array, false)
#4 C:\xampp\htdocs\ITE311-GLENOGO\system\Model.php(394): CodeIgniter\Database\BaseBuilder->insert()
#5 C:\xampp\htdocs\ITE311-GLENOGO\system\BaseModel.php(838): CodeIgniter\Model->doInsert(Array)
#6 C:\xampp\htdocs\ITE311-GLENOGO\system\Model.php(797): CodeIgniter\BaseModel->insert(Array, true)
#7 C:\xampp\htdocs\ITE311-GLENOGO\app\Controllers\Course.php(320): CodeIgniter\Model->insert(Array)
#8 C:\xampp\htdocs\ITE311-GLENOGO\system\CodeIgniter.php(933): App\Controllers\Course->create()
#9 C:\xampp\htdocs\ITE311-GLENOGO\system\CodeIgniter.php(507): CodeIgniter\CodeIgniter->runController(Object(App\Controllers\Course))
#10 C:\xampp\htdocs\ITE311-GLENOGO\system\CodeIgniter.php(354): CodeIgniter\CodeIgniter->handleRequest(NULL, Object(Config\Cache), false)
#11 C:\xampp\htdocs\ITE311-GLENOGO\system\Boot.php(363): CodeIgniter\CodeIgniter->run()
#12 C:\xampp\htdocs\ITE311-GLENOGO\system\Boot.php(68): CodeIgniter\Boot::runCodeIgniter(Object(CodeIgniter\CodeIgniter))
#13 C:\xampp\htdocs\ITE311-GLENOGO\index.php(89): CodeIgniter\Boot::bootWeb(Object(Config\Paths))
#14 {main}
CRITICAL - 2025-12-15 02:34:19 --> CodeIgniter\Database\Exceptions\DatabaseException: Duplicate entry 'WEBSY201' for key 'course_code'
[Method: POST, Route: courses/create]
in SYSTEMPATH\Database\BaseConnection.php on line 684.
 1 SYSTEMPATH\Database\BaseBuilder.php(2345): CodeIgniter\Database\BaseConnection->query('INSERT INTO `courses` (`course_code`, `course_name`, `description`, `school_year`, `semester`, `schedule`, `teacher_id`, `status`, `start_date`, `end_date`) VALUES (:course_code:, :course_name:, :description:, :school_year:, :semester:, :schedule:, :teacher_id:, :status:, :start_date:, :end_date:)', [...], false)
 2 SYSTEMPATH\Model.php(394): CodeIgniter\Database\BaseBuilder->insert()
 3 SYSTEMPATH\BaseModel.php(838): CodeIgniter\Model->doInsert([...])
 4 SYSTEMPATH\Model.php(797): CodeIgniter\BaseModel->insert([...], true)
 5 APPPATH\Controllers\Course.php(320): CodeIgniter\Model->insert([...])
 6 SYSTEMPATH\CodeIgniter.php(933): App\Controllers\Course->create()
 7 SYSTEMPATH\CodeIgniter.php(507): CodeIgniter\CodeIgniter->runController(Object(App\Controllers\Course))
 8 SYSTEMPATH\CodeIgniter.php(354): CodeIgniter\CodeIgniter->handleRequest(null, Object(Config\Cache), false)
 9 SYSTEMPATH\Boot.php(363): CodeIgniter\CodeIgniter->run()
10 SYSTEMPATH\Boot.php(68): CodeIgniter\Boot::runCodeIgniter(Object(CodeIgniter\CodeIgniter))
11 FCPATH\index.php(89): CodeIgniter\Boot::bootWeb(Object(Config\Paths))
CRITICAL - 2025-12-15 02:34:19 --> [Caused by] CodeIgniter\Database\Exceptions\DatabaseException: Duplicate entry 'WEBSY201' for key 'course_code'
in SYSTEMPATH\Database\MySQLi\Connection.php on line 332.
 1 SYSTEMPATH\Database\BaseConnection.php(729): CodeIgniter\Database\MySQLi\Connection->execute('INSERT INTO `courses` (`course_code`, `course_name`, `description`, `school_year`, `semester`, `schedule`, `teacher_id`, `status`, `start_date`, `end_date`) VALUES (\'WEBSY201\', \'Advanced Database\', \'addd\', \'2025-2026\', \'2nd Semester\', \'Monday-Wednesday\', \'2\', \'active\', \'2025-04-03\', \'2026-04-04\')')
 2 SYSTEMPATH\Database\BaseConnection.php(646): CodeIgniter\Database\BaseConnection->simpleQuery('INSERT INTO `courses` (`course_code`, `course_name`, `description`, `school_year`, `semester`, `schedule`, `teacher_id`, `status`, `start_date`, `end_date`) VALUES (\'WEBSY201\', \'Advanced Database\', \'addd\', \'2025-2026\', \'2nd Semester\', \'Monday-Wednesday\', \'2\', \'active\', \'2025-04-03\', \'2026-04-04\')')
 3 SYSTEMPATH\Database\BaseBuilder.php(2345): CodeIgniter\Database\BaseConnection->query('INSERT INTO `courses` (`course_code`, `course_name`, `description`, `school_year`, `semester`, `schedule`, `teacher_id`, `status`, `start_date`, `end_date`) VALUES (:course_code:, :course_name:, :description:, :school_year:, :semester:, :schedule:, :teacher_id:, :status:, :start_date:, :end_date:)', [...], false)
 4 SYSTEMPATH\Model.php(394): CodeIgniter\Database\BaseBuilder->insert()
 5 SYSTEMPATH\BaseModel.php(838): CodeIgniter\Model->doInsert([...])
 6 SYSTEMPATH\Model.php(797): CodeIgniter\BaseModel->insert([...], true)
 7 APPPATH\Controllers\Course.php(320): CodeIgniter\Model->insert([...])
 8 SYSTEMPATH\CodeIgniter.php(933): App\Controllers\Course->create()
 9 SYSTEMPATH\CodeIgniter.php(507): CodeIgniter\CodeIgniter->runController(Object(App\Controllers\Course))
10 SYSTEMPATH\CodeIgniter.php(354): CodeIgniter\CodeIgniter->handleRequest(null, Object(Config\Cache), false)
11 SYSTEMPATH\Boot.php(363): CodeIgniter\CodeIgniter->run()
12 SYSTEMPATH\Boot.php(68): CodeIgniter\Boot::runCodeIgniter(Object(CodeIgniter\CodeIgniter))
13 FCPATH\index.php(89): CodeIgniter\Boot::bootWeb(Object(Config\Paths))
CRITICAL - 2025-12-15 02:34:19 --> [Caused by] mysqli_sql_exception: Duplicate entry 'WEBSY201' for key 'course_code'
in SYSTEMPATH\Database\MySQLi\Connection.php on line 327.
 1 SYSTEMPATH\Database\MySQLi\Connection.php(327): mysqli->query('INSERT INTO `courses` (`course_code`, `course_name`, `description`, `school_year`, `semester`, `schedule`, `teacher_id`, `status`, `start_date`, `end_date`) VALUES (\'WEBSY201\', \'Advanced Database\', \'addd\', \'2025-2026\', \'2nd Semester\', \'Monday-Wednesday\', \'2\', \'active\', \'2025-04-03\', \'2026-04-04\')', 0)
 2 SYSTEMPATH\Database\BaseConnection.php(729): CodeIgniter\Database\MySQLi\Connection->execute('INSERT INTO `courses` (`course_code`, `course_name`, `description`, `school_year`, `semester`, `schedule`, `teacher_id`, `status`, `start_date`, `end_date`) VALUES (\'WEBSY201\', \'Advanced Database\', \'addd\', \'2025-2026\', \'2nd Semester\', \'Monday-Wednesday\', \'2\', \'active\', \'2025-04-03\', \'2026-04-04\')')
 3 SYSTEMPATH\Database\BaseConnection.php(646): CodeIgniter\Database\BaseConnection->simpleQuery('INSERT INTO `courses` (`course_code`, `course_name`, `description`, `school_year`, `semester`, `schedule`, `teacher_id`, `status`, `start_date`, `end_date`) VALUES (\'WEBSY201\', \'Advanced Database\', \'addd\', \'2025-2026\', \'2nd Semester\', \'Monday-Wednesday\', \'2\', \'active\', \'2025-04-03\', \'2026-04-04\')')
 4 SYSTEMPATH\Database\BaseBuilder.php(2345): CodeIgniter\Database\BaseConnection->query('INSERT INTO `courses` (`course_code`, `course_name`, `description`, `school_year`, `semester`, `schedule`, `teacher_id`, `status`, `start_date`, `end_date`) VALUES (:course_code:, :course_name:, :description:, :school_year:, :semester:, :schedule:, :teacher_id:, :status:, :start_date:, :end_date:)', [...], false)
 5 SYSTEMPATH\Model.php(394): CodeIgniter\Database\BaseBuilder->insert()
 6 SYSTEMPATH\BaseModel.php(838): CodeIgniter\Model->doInsert([...])
 7 SYSTEMPATH\Model.php(797): CodeIgniter\BaseModel->insert([...], true)
 8 APPPATH\Controllers\Course.php(320): CodeIgniter\Model->insert([...])
 9 SYSTEMPATH\CodeIgniter.php(933): App\Controllers\Course->create()
10 SYSTEMPATH\CodeIgniter.php(507): CodeIgniter\CodeIgniter->runController(Object(App\Controllers\Course))
11 SYSTEMPATH\CodeIgniter.php(354): CodeIgniter\CodeIgniter->handleRequest(null, Object(Config\Cache), false)
12 SYSTEMPATH\Boot.php(363): CodeIgniter\CodeIgniter->run()
13 SYSTEMPATH\Boot.php(68): CodeIgniter\Boot::runCodeIgniter(Object(CodeIgniter\CodeIgniter))
14 FCPATH\index.php(89): CodeIgniter\Boot::bootWeb(Object(Config\Paths))
